\BOOKMARK [1][-]{section.1}{\376\377\000I\000n\000t\000r\000o\000d\000u\000c\000t\000i\000o\000n}{}% 1
\BOOKMARK [1][-]{section.2}{\376\377\000S\000M\000E\000F\000T\000\040\000i\000n\000\040\000D\000r\000e\000l\000l\000-\000Y\000a\000n\000\040\000a\000n\000d\000\040\000t\000h\000e\000\040\000o\000r\000a\000c\000l\000e}{}% 2
\BOOKMARK [1][-]{section.3}{\376\377\000A\000\040\000c\000l\000o\000s\000e\000d\000-\000f\000o\000r\000m\000\040\000a\000t\000t\000e\000n\000t\000i\000o\000n\000\040\000f\000o\000u\000n\000d\000a\000t\000i\000o\000n\000\040\000m\000o\000d\000e\000l}{}% 3
\BOOKMARK [2][-]{subsection.3.1}{\376\377\000T\000h\000e\000\040\000a\000r\000c\000h\000i\000t\000e\000c\000t\000u\000r\000a\000l\000\040\000c\000o\000n\000s\000t\000r\000a\000i\000n\000t}{section.3}% 4
\BOOKMARK [2][-]{subsection.3.2}{\376\377\000I\000n\000t\000e\000n\000t\000i\000o\000n\000\040\000a\000s\000\040\000a\000\040\000c\000l\000o\000s\000e\000d\000-\000f\000o\000r\000m\000\040\000r\000i\000d\000g\000e\000\040\000h\000e\000a\000d}{section.3}% 5
\BOOKMARK [2][-]{subsection.3.3}{\376\377\000T\000h\000e\000\040\000l\000e\000a\000r\000n\000e\000d\000\040\000f\000e\000a\000t\000u\000r\000e\000\040\000m\000a\000p}{section.3}% 6
\BOOKMARK [2][-]{subsection.3.4}{\376\377\000B\000a\000s\000e\000l\000i\000n\000e\000s}{section.3}% 7
\BOOKMARK [1][-]{section.4}{\376\377\000T\000r\000a\000i\000n\000i\000n\000g\000\040\000a\000n\000d\000\040\000b\000e\000n\000c\000h\000m\000a\000r\000k}{}% 8
\BOOKMARK [1][-]{section.5}{\376\377\000R\000e\000s\000u\000l\000t\000s}{}% 9
\BOOKMARK [2][-]{subsection.5.1}{\376\377\000S\000a\000m\000p\000l\000e\000\040\000e\000f\000f\000i\000c\000i\000e\000n\000c\000y}{section.5}% 10
\BOOKMARK [2][-]{subsection.5.2}{\376\377\000T\000h\000e\000\040\000l\000e\000a\000r\000n\000e\000d\000\040\000r\000e\000p\000r\000e\000s\000e\000n\000t\000a\000t\000i\000o\000n}{section.5}% 11
\BOOKMARK [1][-]{section.6}{\376\377\000T\000h\000e\000\040\000f\000u\000l\000l\000\040\000i\000n\000f\000e\000r\000e\000n\000c\000e\000\040\000l\000o\000o\000p}{}% 12
\BOOKMARK [2][-]{subsection.6.1}{\376\377\000A\000r\000c\000h\000i\000t\000e\000c\000t\000u\000r\000e}{section.6}% 13
\BOOKMARK [2][-]{subsection.6.2}{\376\377\000T\000h\000e\000\040\000e\000n\000g\000i\000n\000e\000e\000r\000e\000d\000\040\000d\000r\000i\000f\000t\000\040\000e\000v\000e\000n\000t}{section.6}% 14
\BOOKMARK [2][-]{subsection.6.3}{\376\377\000R\000e\000c\000o\000v\000e\000r\000y\000\040\000f\000r\000o\000m\000\040\000t\000h\000e\000\040\000e\000n\000g\000i\000n\000e\000e\000r\000e\000d\000\040\000d\000r\000i\000f\000t}{section.6}% 15
\BOOKMARK [1][-]{section.7}{\376\377\000D\000i\000s\000c\000u\000s\000s\000i\000o\000n}{}% 16
\BOOKMARK [1][-]{section.8}{\376\377\000S\000u\000m\000m\000a\000r\000y\000\040\000a\000n\000d\000\040\000o\000u\000t\000l\000o\000o\000k}{}% 17
\BOOKMARK [1][-]{appendix.A}{\376\377\000C\000l\000o\000s\000e\000d\000-\000f\000o\000r\000m\000\040\000d\000e\000r\000i\000v\000a\000t\000i\000o\000n\000s}{}% 18
\BOOKMARK [2][-]{subsection.A.1}{\376\377\000S\000h\000e\000r\000m\000a\000n\000-\000M\000o\000r\000r\000i\000s\000o\000n\000\040\000s\000e\000q\000u\000e\000n\000t\000i\000a\000l\000\040\000u\000p\000d\000a\000t\000e}{appendix.A}% 19
\BOOKMARK [2][-]{subsection.A.2}{\376\377\000C\000l\000o\000s\000e\000d\000-\000f\000o\000r\000m\000\040\000I\000n\000f\000o\000r\000m\000a\000t\000i\000o\000n\000\040\000G\000a\000i\000n}{appendix.A}% 20
\BOOKMARK [2][-]{subsection.A.3}{\376\377\000A\000g\000g\000r\000e\000g\000a\000t\000o\000r\000\040\000d\000e\000c\000i\000s\000i\000o\000n\000\040\000r\000u\000l\000e\000s}{appendix.A}% 21
\BOOKMARK [1][-]{appendix.B}{\376\377\000R\000e\000p\000r\000o\000d\000u\000c\000t\000i\000o\000n}{}% 22
